Initialized native services in: /opt/gradle/.gradle/native
Initialized jansi services in: /opt/gradle/.gradle/native
Removing 0 daemon stop events from registry
Previous Daemon (617) stopped at Tue Jul 14 05:28:58 UTC 2026 other compatible daemons were started and after being idle for 0 minutes and not recently used
Previous Daemon (508) stopped at Tue Jul 14 05:29:31 UTC 2026 other compatible daemons were started and after being idle for 0 minutes and not recently used
Previous Daemon (1128) stopped at Tue Jul 14 05:29:48 UTC 2026 other compatible daemons were started and after being idle for 0 minutes and not recently used
Previous Daemon (59) stopped at Tue Jul 14 05:29:50 UTC 2026 other compatible daemons were started and after being idle for 0 minutes and not recently used
Previous Daemon (1323) stopped at Tue Jul 14 05:30:26 UTC 2026 other compatible daemons were started and after being idle for 0 minutes and not recently used
Starting a Gradle Daemon, 1 busy and 5 stopped Daemons could not be reused, use --status for details
Starting process 'Gradle build daemon'. Working directory: /opt/gradle/.gradle/daemon/9.3.1 Command: /usr/lib/jvm/temurin-21-jdk-amd64/bin/java --add-opens=java.base/java.lang=ALL-UNNAMED --add-opens=java.base/java.lang.invoke=ALL-UNNAMED --add-opens=java.base/java.util=ALL-UNNAMED --add-opens=java.prefs/java.util.prefs=ALL-UNNAMED --add-exports=jdk.compiler/com.sun.tools.javac.api=ALL-UNNAMED --add-exports=jdk.compiler/com.sun.tools.javac.util=ALL-UNNAMED --add-opens=java.base/java.util=ALL-UNNAMED --add-opens=java.prefs/java.util.prefs=ALL-UNNAMED --add-opens=java.base/java.nio.charset=ALL-UNNAMED --add-opens=java.base/java.net=ALL-UNNAMED --add-opens=java.base/java.util.concurrent=ALL-UNNAMED --add-opens=java.base/java.util.concurrent.atomic=ALL-UNNAMED --add-opens=java.xml/javax.xml.namespace=ALL-UNNAMED --add-opens=java.base/java.time=ALL-UNNAMED -Xmx4g -Dfile.encoding=UTF-8 -Duser.country=US -Duser.language=en -Duser.variant -cp /opt/gradle/gradle-9.3.1/lib/gradle-daemon-main-9.3.1.jar -javaagent:/opt/gradle/gradle-9.3.1/lib/agents/gradle-instrumentation-agent-9.3.1.jar org.gradle.launcher.daemon.bootstrap.GradleDaemon 9.3.1
Successfully started process 'Gradle build daemon'
An attempt to start the daemon took 2.689 secs.
The client will now receive all logging from the daemon (pid: 1888). The daemon log file: /opt/gradle/.gradle/daemon/9.3.1/daemon-1888.out.log
Starting build in new daemon [memory: 4 GiB]
Using 4 worker leases.
Operational build model parameters: {requiresToolingModels=false, parallelProjectExecution=true, configureOnDemand=false, configurationCache=true, configurationCacheParallelStore=false, configurationCacheParallelLoad=true, isolatedProjects=false, parallelProjectConfiguration=false, intermediateModelCache=false, parallelToolingApiActions=true, invalidateCoupledProjects=false, modelAsProjectDependency=false, resilientModelBuilding=false}
Received JVM installation metadata from '/usr/lib/jvm/temurin-21-jdk-amd64': {JAVA_HOME=/usr/lib/jvm/temurin-21-jdk-amd64, JAVA_VERSION=21.0.11, JAVA_VENDOR=Eclipse Adoptium, RUNTIME_NAME=OpenJDK Runtime Environment, RUNTIME_VERSION=21.0.11+10-LTS, VM_NAME=OpenJDK 64-Bit Server VM, VM_VERSION=21.0.11+10-LTS, VM_VENDOR=Eclipse Adoptium, OS_ARCH=amd64}
Encryption key source: default Gradle keystore (pkcs12)
Reusing configuration cache.
Watching the file system is configured to be enabled if available
Unable to list file systems to check whether they can be watched. Disabling watching. Reason: Could not query file systems: could not open mount file (errno 2: No such file or directory)
File system watching is inactive
Using local directory build cache for the root build (location = /opt/gradle/.gradle/caches/build-cache-1, remove unused entries = after 7 days).
Tasks to be executed: [task ':app:preBuild', task ':app:preDebugBuild', task ':app:generateDebugBuildConfig', task ':app:generateDebugResources', task ':app:processDebugGoogleServices', task ':app:packageDebugResources', task ':app:processDebugNavigationResources', task ':app:parseDebugLocalResources', task ':app:generateDebugRFile', task ':app:kspDebugKotlin', task ':app:compileDebugKotlin']
Tasks that were excluded: []
Resolve mutations for :app:preBuild (Thread[#50,Execution worker,5,main]) started.
Resolve mutations for :app:processDebugGoogleServices (Thread[#52,Execution worker Thread 3,5,main]) started.
:app:preBuild (Thread[#50,Execution worker,5,main]) started.
:app:processDebugGoogleServices (Thread[#52,Execution worker Thread 3,5,main]) started.

> Task :app:preBuild UP-TO-DATE
Skipping task ':app:preBuild' as it has no actions.
Resolve mutations for :app:preDebugBuild (Thread[#50,Execution worker,5,main]) started.
:app:preDebugBuild (Thread[#50,Execution worker,5,main]) started.

> Task :app:preDebugBuild UP-TO-DATE
Skipping task ':app:preDebugBuild' as it has no actions.
Resolve mutations for :app:generateDebugBuildConfig (Thread[#50,Execution worker,5,main]) started.
Resolve mutations for :app:generateDebugResources (Thread[#49,included builds,5,main]) started.
Resolve mutations for :app:processDebugNavigationResources (Thread[#51,Execution worker Thread 2,5,main]) started.
:app:generateDebugBuildConfig (Thread[#50,Execution worker,5,main]) started.
:app:generateDebugResources (Thread[#49,included builds,5,main]) started.
:app:processDebugNavigationResources (Thread[#51,Execution worker Thread 2,5,main]) started.
Build d606f896-dbd9-49c6-8046-8af996ea672d is started

> Task :app:generateDebugResources UP-TO-DATE
Build cache key for task ':app:generateDebugResources' is c2317f9d7aef4b3999776e267bed147c
Skipping task ':app:generateDebugResources' as it is up-to-date.

> Task :app:processDebugGoogleServices UP-TO-DATE
Build cache key for task ':app:processDebugGoogleServices' is 08fffc95ecb40a42f988271955c1e0a6
Skipping task ':app:processDebugGoogleServices' as it is up-to-date.

> Task :app:generateDebugBuildConfig UP-TO-DATE
Build cache key for task ':app:generateDebugBuildConfig' is 4113c5345cd2ccedef837b47370b7f05
Skipping task ':app:generateDebugBuildConfig' as it is up-to-date.
Resolve mutations for :app:packageDebugResources (Thread[#49,included builds,5,main]) started.
Resolve mutations for :app:kspDebugKotlin (Thread[#50,Execution worker,5,main]) started.
:app:kspDebugKotlin (Thread[#50,Execution worker,5,main]) started.
:app:packageDebugResources (Thread[#49,included builds,5,main]) started.

> Task :app:packageDebugResources UP-TO-DATE
Build cache key for task ':app:packageDebugResources' is f186339be6fe2c57d58caf31ae263d87
Skipping task ':app:packageDebugResources' as it is up-to-date.

> Task :app:processDebugNavigationResources UP-TO-DATE
Build cache key for task ':app:processDebugNavigationResources' is e69b6fc3e0b02efc80a0325431b044a4
Skipping task ':app:processDebugNavigationResources' as it is up-to-date.
Resolve mutations for :app:parseDebugLocalResources (Thread[#51,Execution worker Thread 2,5,main]) started.
:app:parseDebugLocalResources (Thread[#51,Execution worker Thread 2,5,main]) started.

> Task :app:parseDebugLocalResources UP-TO-DATE
Build cache key for task ':app:parseDebugLocalResources' is 3ff43230efe6d497c3647f53c2e9c0f2
Skipping task ':app:parseDebugLocalResources' as it is up-to-date.
Resolve mutations for :app:generateDebugRFile (Thread[#51,Execution worker Thread 2,5,main]) started.
:app:generateDebugRFile (Thread[#51,Execution worker Thread 2,5,main]) started.

> Task :app:generateDebugRFile UP-TO-DATE
Build cache key for task ':app:generateDebugRFile' is 5994c0becb71f36d731046559c766954
Skipping task ':app:generateDebugRFile' as it is up-to-date.

> Task :app:kspDebugKotlin UP-TO-DATE
Build cache key for task ':app:kspDebugKotlin' is 351422162dab1f2b83b06a8819ad6fdc
Skipping task ':app:kspDebugKotlin' as it is up-to-date.
Resolve mutations for :app:compileDebugKotlin (Thread[#50,Execution worker,5,main]) started.
:app:compileDebugKotlin (Thread[#50,Execution worker,5,main]) started.

> Task :app:compileDebugKotlin
file or directory '/app/applet/app/src/main/kotlin', not found
file or directory '/app/applet/app/src/debug/java', not found
file or directory '/app/applet/app/src/debug/kotlin', not found
file or directory '/app/applet/app/src/debug/java', not found
file or directory '/app/applet/app/src/main/kotlin', not found
file or directory '/app/applet/app/src/debug/java', not found
file or directory '/app/applet/app/src/debug/kotlin', not found
file or directory '/app/applet/app/src/debug/java', not found
file or directory '/app/applet/app/src/main/kotlin', not found
file or directory '/app/applet/app/src/debug/java', not found
file or directory '/app/applet/app/src/debug/kotlin', not found
file or directory '/app/applet/app/src/debug/java', not found
Build cache key for task ':app:compileDebugKotlin' is 9fd0e5a09838d5657ab8c9ee7fe8231f
Task ':app:compileDebugKotlin' is not up-to-date because:
  Task has failed previously.
The input changes require a full rebuild for incremental task ':app:compileDebugKotlin'.
file or directory '/app/applet/app/src/main/kotlin', not found
file or directory '/app/applet/app/src/main/kotlin', not found
file or directory '/app/applet/app/src/debug/java', not found
file or directory '/app/applet/app/src/debug/java', not found
file or directory '/app/applet/app/src/debug/kotlin', not found
file or directory '/app/applet/app/src/debug/kotlin', not found
file or directory '/app/applet/app/src/debug/java', not found
file or directory '/app/applet/app/src/debug/java', not found
file or directory '/app/applet/app/build/generated/ksp/debug/java', not found
file or directory '/app/applet/app/src/main/kotlin', not found
file or directory '/app/applet/app/src/debug/java', not found
file or directory '/app/applet/app/src/debug/kotlin', not found
file or directory '/app/applet/app/src/debug/java', not found
file or directory '/app/applet/app/src/main/kotlin', not found
file or directory '/app/applet/app/src/main/kotlin', not found
file or directory '/app/applet/app/src/debug/java', not found
file or directory '/app/applet/app/src/debug/java', not found
file or directory '/app/applet/app/src/debug/kotlin', not found
file or directory '/app/applet/app/src/debug/kotlin', not found
file or directory '/app/applet/app/src/debug/java', not found
file or directory '/app/applet/app/src/debug/java', not found
file or directory '/app/applet/app/build/generated/ksp/debug/java', not found
file or directory '/app/applet/app/src/main/kotlin', not found
file or directory '/app/applet/app/src/main/kotlin', not found
file or directory '/app/applet/app/src/debug/java', not found
file or directory '/app/applet/app/src/debug/java', not found
file or directory '/app/applet/app/src/debug/kotlin', not found
file or directory '/app/applet/app/src/debug/kotlin', not found
file or directory '/app/applet/app/src/debug/java', not found
file or directory '/app/applet/app/src/debug/java', not found
file or directory '/app/applet/app/build/generated/ksp/debug/java', not found
file or directory '/app/applet/app/src/main/kotlin', not found
file or directory '/app/applet/app/src/main/kotlin', not found
file or directory '/app/applet/app/src/debug/java', not found
file or directory '/app/applet/app/src/debug/java', not found
file or directory '/app/applet/app/src/debug/kotlin', not found
file or directory '/app/applet/app/src/debug/kotlin', not found
file or directory '/app/applet/app/src/debug/java', not found
file or directory '/app/applet/app/src/debug/java', not found
file or directory '/app/applet/app/build/generated/ksp/debug/java', not found
Kotlin source files: /app/applet/app/src/main/java/com/example/ui/screens/AdminAppScreens.kt, /app/applet/app/src/main/java/com/example/ui/screens/FaqAccordion.kt, /app/applet/app/src/main/java/com/example/ui/screens/SupportChatScreen.kt, /app/applet/app/src/main/java/com/example/ui/screens/TrackingScreen.kt, /app/applet/app/src/main/java/com/example/ui/screens/NotificationSettingsScreen.kt, /app/applet/app/src/main/java/com/example/ui/screens/ProfileScreen.kt, /app/applet/app/src/main/java/com/example/ui/screens/MarketScreens.kt, /app/applet/app/src/main/java/com/example/ui/theme/Type.kt, /app/applet/app/src/main/java/com/example/ui/theme/Theme.kt, /app/applet/app/src/main/java/com/example/ui/theme/Color.kt, /app/applet/app/src/main/java/com/example/viewmodel/MarketViewModel.kt, /app/applet/app/src/main/java/com/example/network/SnowwhiteApiService.kt, /app/applet/app/src/main/java/com/example/network/GeminiRetrofitClient.kt, /app/applet/app/src/main/java/com/example/network/ErrorUtils.kt, /app/applet/app/src/main/java/com/example/services/ChatForegroundService.kt, /app/applet/app/src/main/java/com/example/data/SessionManager.kt, /app/applet/app/src/main/java/com/example/data/Models.kt, /app/applet/app/src/main/java/com/example/data/InventoryRepository.kt, /app/applet/app/src/main/java/com/example/data/AppDatabase.kt, /app/applet/app/src/main/java/com/example/data/FirestoreService.kt, /app/applet/app/src/main/java/com/example/data/FirebaseAuthService.kt, /app/applet/app/src/main/java/com/example/utils/NotificationHelper.kt, /app/applet/app/src/main/java/com/example/utils/SoundHelper.kt, /app/applet/app/src/main/java/com/example/MyFirebaseMessagingService.kt, /app/applet/app/src/main/java/com/example/MainActivity.kt, /app/applet/app/build/generated/ksp/debug/kotlin/com/example/data/MarketplaceDao_Impl.kt, /app/applet/app/build/generated/ksp/debug/kotlin/com/example/data/AppDatabase_Impl.kt
Java source files: /app/applet/app/build/generated/source/buildConfig/debug/com/example/BuildConfig.java
Script source files: 
Script file extensions: 
Using Kotlin/JVM incremental compilation
[KOTLIN] Kotlin compilation 'jdkHome' argument: /usr/lib/jvm/temurin-21-jdk-amd64
