Initialized native services in: /opt/gradle/.gradle/native
Initialized jansi services in: /opt/gradle/.gradle/native
The client will now receive all logging from the daemon (pid: 1406). The daemon log file: /opt/gradle/.gradle/daemon/9.3.1/daemon-1406.out.log
Starting 6th build in daemon [uptime: 5 mins 21.885 secs, performance: 98%, GC rate: 0.00/s, heap usage: 0% of 4 GiB]
Using 4 worker leases.
Operational build model parameters: {requiresToolingModels=false, parallelProjectExecution=true, configureOnDemand=false, configurationCache=true, configurationCacheParallelStore=false, configurationCacheParallelLoad=true, isolatedProjects=false, parallelProjectConfiguration=false, intermediateModelCache=false, parallelToolingApiActions=true, invalidateCoupledProjects=false, modelAsProjectDependency=false, resilientModelBuilding=false}
Invalidating in-memory cache of /app/applet/.gradle/9.3.1/fileHashes/fileHashes.bin
Invalidating in-memory cache of /app/applet/.gradle/9.3.1/fileHashes/resourceHashesCache.bin
Invalidating in-memory cache of /app/applet/.gradle/buildOutputCleanup/outputFiles.bin
Encryption key source: default Gradle keystore (pkcs12)
Invalidating in-memory cache of /opt/gradle/.gradle/caches/journal-1/file-access.bin
Invalidating in-memory cache of /opt/gradle/.gradle/caches/9.3.1/fileHashes/kotlinDslCompileAvoidanceClasspathHashCache.bin
Invalidating in-memory cache of /opt/gradle/.gradle/caches/9.3.1/fileHashes/fileHashes.bin
Invalidating in-memory cache of /opt/gradle/.gradle/caches/9.3.1/fileHashes/resourceHashesCache.bin
Reusing configuration cache.
Watching the file system is configured to be enabled if available
Unable to list file systems to check whether they can be watched. Disabling watching. Reason: Could not query file systems: could not open mount file (errno 2: No such file or directory)
File system watching is inactive
Using local directory build cache for the root build (location = /opt/gradle/.gradle/caches/build-cache-1, remove unused entries = after 7 days).
Tasks to be executed: [task ':app:preBuild', task ':app:preDebugBuild', task ':app:generateDebugBuildConfig', task ':app:generateDebugResources', task ':app:processDebugGoogleServices', task ':app:packageDebugResources', task ':app:processDebugNavigationResources', task ':app:parseDebugLocalResources', task ':app:generateDebugRFile', task ':app:kspDebugKotlin', task ':app:compileDebugKotlin']
Tasks that were excluded: []
Resolve mutations for :app:preBuild (Thread[#243,Execution worker,5,main]) started.
Resolve mutations for :app:processDebugGoogleServices (Thread[#244,Execution worker Thread 2,5,main]) started.
:app:preBuild (Thread[#243,Execution worker,5,main]) started.
:app:processDebugGoogleServices (Thread[#244,Execution worker Thread 2,5,main]) started.
Invalidating in-memory cache of /app/applet/.gradle/9.3.1/executionHistory/executionHistory.bin

> Task :app:preBuild UP-TO-DATE
Skipping task ':app:preBuild' as it has no actions.
Build 005adb2c-2430-41f0-82bb-eeed62d638e5 is started
Resolve mutations for :app:preDebugBuild (Thread[#243,Execution worker,5,main]) started.
:app:preDebugBuild (Thread[#243,Execution worker,5,main]) started.

> Task :app:preDebugBuild UP-TO-DATE
Skipping task ':app:preDebugBuild' as it has no actions.
Resolve mutations for :app:generateDebugBuildConfig (Thread[#243,Execution worker,5,main]) started.
Resolve mutations for :app:generateDebugResources (Thread[#242,included builds,5,main]) started.
Resolve mutations for :app:processDebugNavigationResources (Thread[#245,Execution worker Thread 3,5,main]) started.
:app:processDebugNavigationResources (Thread[#245,Execution worker Thread 3,5,main]) started.
:app:generateDebugResources (Thread[#242,included builds,5,main]) started.
:app:generateDebugBuildConfig (Thread[#243,Execution worker,5,main]) started.

> Task :app:processDebugGoogleServices UP-TO-DATE
Build cache key for task ':app:processDebugGoogleServices' is 08fffc95ecb40a42f988271955c1e0a6
Skipping task ':app:processDebugGoogleServices' as it is up-to-date.

> Task :app:generateDebugBuildConfig UP-TO-DATE
Build cache key for task ':app:generateDebugBuildConfig' is 4113c5345cd2ccedef837b47370b7f05
Skipping task ':app:generateDebugBuildConfig' as it is up-to-date.
Resolve mutations for :app:kspDebugKotlin (Thread[#243,Execution worker,5,main]) started.
:app:kspDebugKotlin (Thread[#243,Execution worker,5,main]) started.

> Task :app:generateDebugResources UP-TO-DATE
Build cache key for task ':app:generateDebugResources' is c2317f9d7aef4b3999776e267bed147c
Skipping task ':app:generateDebugResources' as it is up-to-date.
Resolve mutations for :app:packageDebugResources (Thread[#242,included builds,5,main]) started.
:app:packageDebugResources (Thread[#242,included builds,5,main]) started.

> Task :app:packageDebugResources UP-TO-DATE
Build cache key for task ':app:packageDebugResources' is f186339be6fe2c57d58caf31ae263d87
Skipping task ':app:packageDebugResources' as it is up-to-date.

> Task :app:kspDebugKotlin UP-TO-DATE
Build cache key for task ':app:kspDebugKotlin' is 70134614aa19bdfe6276db219398b2b3
Skipping task ':app:kspDebugKotlin' as it is up-to-date.

> Task :app:processDebugNavigationResources UP-TO-DATE
Build cache key for task ':app:processDebugNavigationResources' is e69b6fc3e0b02efc80a0325431b044a4
Skipping task ':app:processDebugNavigationResources' as it is up-to-date.
Resolve mutations for :app:parseDebugLocalResources (Thread[#245,Execution worker Thread 3,5,main]) started.
:app:parseDebugLocalResources (Thread[#245,Execution worker Thread 3,5,main]) started.

> Task :app:parseDebugLocalResources UP-TO-DATE
Build cache key for task ':app:parseDebugLocalResources' is 3ff43230efe6d497c3647f53c2e9c0f2
Skipping task ':app:parseDebugLocalResources' as it is up-to-date.
Resolve mutations for :app:generateDebugRFile (Thread[#245,Execution worker Thread 3,5,main]) started.
:app:generateDebugRFile (Thread[#245,Execution worker Thread 3,5,main]) started.

> Task :app:generateDebugRFile UP-TO-DATE
Build cache key for task ':app:generateDebugRFile' is 5994c0becb71f36d731046559c766954
Skipping task ':app:generateDebugRFile' as it is up-to-date.
Resolve mutations for :app:compileDebugKotlin (Thread[#245,Execution worker Thread 3,5,main]) started.
:app:compileDebugKotlin (Thread[#245,Execution worker Thread 3,5,main]) started.

> Task :app:compileDebugKotlin
file or directory '/app/applet/app/src/main/kotlin', not found
file or directory '/app/applet/app/src/debug/java', not found
file or directory '/app/applet/app/src/debug/kotlin', not found
file or directory '/app/applet/app/src/debug/java', not found
file or directory '/app/applet/app/src/main/kotlin', not found
file or directory '/app/applet/app/src/debug/java', not found
file or directory '/app/applet/app/src/debug/kotlin', not found
file or directory '/app/applet/app/src/debug/java', not found
file or directory '/app/applet/app/src/main/kotlin', not found
file or directory '/app/applet/app/src/debug/java', not found
file or directory '/app/applet/app/src/debug/kotlin', not found
file or directory '/app/applet/app/src/debug/java', not found
Build cache key for task ':app:compileDebugKotlin' is c20b3d5cbe8bee5a8971b8e53a32342b
Task ':app:compileDebugKotlin' is not up-to-date because:
  Task has failed previously.
The input changes require a full rebuild for incremental task ':app:compileDebugKotlin'.
file or directory '/app/applet/app/src/main/kotlin', not found
file or directory '/app/applet/app/src/main/kotlin', not found
file or directory '/app/applet/app/src/debug/java', not found
file or directory '/app/applet/app/src/debug/java', not found
file or directory '/app/applet/app/src/debug/kotlin', not found
file or directory '/app/applet/app/src/debug/kotlin', not found
file or directory '/app/applet/app/src/debug/java', not found
file or directory '/app/applet/app/src/debug/java', not found
file or directory '/app/applet/app/build/generated/ksp/debug/java', not found
file or directory '/app/applet/app/src/main/kotlin', not found
file or directory '/app/applet/app/src/debug/java', not found
file or directory '/app/applet/app/src/debug/kotlin', not found
file or directory '/app/applet/app/src/debug/java', not found
file or directory '/app/applet/app/src/main/kotlin', not found
file or directory '/app/applet/app/src/main/kotlin', not found
file or directory '/app/applet/app/src/debug/java', not found
file or directory '/app/applet/app/src/debug/java', not found
file or directory '/app/applet/app/src/debug/kotlin', not found
file or directory '/app/applet/app/src/debug/kotlin', not found
file or directory '/app/applet/app/src/debug/java', not found
file or directory '/app/applet/app/src/debug/java', not found
file or directory '/app/applet/app/build/generated/ksp/debug/java', not found
file or directory '/app/applet/app/src/main/kotlin', not found
file or directory '/app/applet/app/src/main/kotlin', not found
file or directory '/app/applet/app/src/debug/java', not found
file or directory '/app/applet/app/src/debug/java', not found
file or directory '/app/applet/app/src/debug/kotlin', not found
file or directory '/app/applet/app/src/debug/kotlin', not found
file or directory '/app/applet/app/src/debug/java', not found
file or directory '/app/applet/app/src/debug/java', not found
file or directory '/app/applet/app/build/generated/ksp/debug/java', not found
file or directory '/app/applet/app/src/main/kotlin', not found
file or directory '/app/applet/app/src/main/kotlin', not found
file or directory '/app/applet/app/src/debug/java', not found
file or directory '/app/applet/app/src/debug/java', not found
file or directory '/app/applet/app/src/debug/kotlin', not found
file or directory '/app/applet/app/src/debug/kotlin', not found
file or directory '/app/applet/app/src/debug/java', not found
file or directory '/app/applet/app/src/debug/java', not found
file or directory '/app/applet/app/build/generated/ksp/debug/java', not found
Kotlin source files: /app/applet/app/src/main/java/com/example/ui/screens/AdminAppScreens.kt, /app/applet/app/src/main/java/com/example/ui/screens/FaqAccordion.kt, /app/applet/app/src/main/java/com/example/ui/screens/SupportChatScreen.kt, /app/applet/app/src/main/java/com/example/ui/screens/TrackingScreen.kt, /app/applet/app/src/main/java/com/example/ui/screens/NotificationSettingsScreen.kt, /app/applet/app/src/main/java/com/example/ui/screens/MarketScreens.kt, /app/applet/app/src/main/java/com/example/ui/screens/ProfileScreen.kt, /app/applet/app/src/main/java/com/example/ui/theme/Type.kt, /app/applet/app/src/main/java/com/example/ui/theme/Theme.kt, /app/applet/app/src/main/java/com/example/ui/theme/Color.kt, /app/applet/app/src/main/java/com/example/viewmodel/MarketViewModel.kt, /app/applet/app/src/main/java/com/example/network/SnowwhiteApiService.kt, /app/applet/app/src/main/java/com/example/network/GeminiRetrofitClient.kt, /app/applet/app/src/main/java/com/example/network/ErrorUtils.kt, /app/applet/app/src/main/java/com/example/services/ChatForegroundService.kt, /app/applet/app/src/main/java/com/example/data/SessionManager.kt, /app/applet/app/src/main/java/com/example/data/Models.kt, /app/applet/app/src/main/java/com/example/data/InventoryRepository.kt, /app/applet/app/src/main/java/com/example/data/AppDatabase.kt, /app/applet/app/src/main/java/com/example/data/FirestoreService.kt, /app/applet/app/src/main/java/com/example/data/FirebaseAuthService.kt, /app/applet/app/src/main/java/com/example/utils/NotificationHelper.kt, /app/applet/app/src/main/java/com/example/utils/SoundHelper.kt, /app/applet/app/src/main/java/com/example/MyFirebaseMessagingService.kt, /app/applet/app/src/main/java/com/example/MainActivity.kt, /app/applet/app/build/generated/ksp/debug/kotlin/com/example/data/MarketplaceDao_Impl.kt, /app/applet/app/build/generated/ksp/debug/kotlin/com/example/data/AppDatabase_Impl.kt
Java source files: /app/applet/app/build/generated/source/buildConfig/debug/com/example/BuildConfig.java
Script source files: 
Script file extensions: 
Using Kotlin/JVM incremental compilation
[KOTLIN] Kotlin compilation 'jdkHome' argument: /usr/lib/jvm/temurin-21-jdk-amd64
Finished executing kotlin compiler using IN_PROCESS strategy
e: file:///app/applet/app/src/main/java/com/example/ui/screens/ProfileScreen.kt:66:24 Function invocation 'context(...)' expected.
e: file:///app/applet/app/src/main/java/com/example/ui/screens/ProfileScreen.kt:906:94 @Composable invocations can only happen from the context of a @Composable function
Invalidating in-memory cache of /app/applet/.gradle/buildOutputCleanup/outputFiles.bin

> Task :app:compileDebugKotlin FAILED
Build 005adb2c-2430-41f0-82bb-eeed62d638e5 is closed

FAILURE: Build failed with an exception.

* What went wrong:
Execution failed for task ':app:compileDebugKotlin'.
> A failure occurred while executing org.jetbrains.kotlin.compilerRunner.GradleCompilerRunnerWithWorkers$GradleKotlinCompilerWorkAction
   > Compilation error. See log for more details

* Try:
> Run with --stacktrace option to get the stack trace.
> Run with --debug option to get more log output.
> Run with --scan to get full insights from a Build Scan (powered by Develocity).
> Get more help at https://help.gradle.org.

BUILD FAILED in 39s
9 actionable tasks: 1 executed, 8 up-to-date
Configuration cache entry reused.
